// Jest Snapshot v1, https://goo.gl/fbAQLP

exports[`renders homepage unchanged 1`] = `
<div>
  <main
    class="p-5 container mx-auto"
  >
    <h1
      class="text-3xl font-bold mb-5"
    >
      User Post Viewer
    </h1>
    <div
      class="mb-5"
    >
      <h2
        class="text-xl font-bold mb-2"
      >
        Please select a user to find their posts
      </h2>
      <div
        class="flex flex-wrap "
      />
    </div>
  </main>
</div>
`;
